Redacted -> удалено (видалено)
Essential -> существенный 
See fewer -> увидеть меньше
Aim -> цель
Retrieval -> поиск
Retain -> сохранить
Fluent -> беглый
Tier -> ярус
Enough -> довольно
Expected -> ожидается
Assume -> предполагать
Even -> четный
Steady -> неуклонный
However -> тем не менее
Tenancy -> арендованное имущество
Further -> в дальнейшем
As well as -> так де как и
Exhibit -> выставка
Greedy -> жадный
Least -> наименее
Evict -> выселять
Due to an error -> из-за ошибки
Affinity -> близость
Required -> необходимый / обязательный
Distinction -> различение
Accomplish -> достижения
Enroll -> зачислять
Preferred -> предпочтительный
Taint -> зараза / примесь
Mimicking -> имитирующий
Establish -> установить
Within -> внутри / в пределах / в течении
Durable -> долговечный
Hence -> следовательно
Denoted -> обозначается
Replenish -> пополнять
Postpone -> откладывать
Endurance -> выносливость
Consuming -> потребляющий
Decline -> снижение
Gain -> усиление
Obvious -> очевидно
Auxiliary -> вспомогательный
Exceed -> превышение
Eligibe -> приемлемый
Belong -> принадлежность
Branch -> ветка
Impact ->  влияние
Serial -> последовательный
Attempt -> попытка
Futhermore -> более того
Allotment -> разверстка / распределение / перечисление
Completion -> завершение
Entity -> сущность
Banch -> скамья
Collaboration -> сотрудничество
Integrity -> целостность
Explicitly -> эксплицитно / ясно / недвусмысленно
Allotment -> разверстка
Due -> должное / обусловленный
As well -> так же
No clue -> без понятия
Repudiation -> отречение
Rear -> задний, тыловой
Query -> запрос
Vehicle -> транспортное средство
Exactly -> именно так
Square -> квадратный
Bracket -> скоба
Odd -> странно / нечетный
Continuation -> продолжение
Mandatory -> обязательный
Approach -> подход
Pod -> стручок / кокон
Node -> узел / точка пересечения двух линий
Volume -> том / емкость
Persistent -> постоянный / устойчивый
